Loading required package: pacman

Listening on http://127.0.0.1:7264

Warning message:
package ¡®pacman¡¯ was built under R version 3.5.3 
